npm warn Unknown project config "shamefully-hoist". This will stop working in the next major version of npm.
app/[locale]/blog/[slug]/page.tsx(1,1): error TS6133: 'setRequestLocale' is declared but its value is never read.
app/[locale]/blog/page.tsx(1,1): error TS6133: 'setRequestLocale' is declared but its value is never read.
app/[locale]/portal/agency/clients/[clientId]/AgencyClientDetailClient.tsx(36,9): error TS6133: 'params' is declared but its value is never read.
app/[locale]/portal/agency/clients/[clientId]/AgencyClientDetailClient.tsx(48,13): error TS7030: Not all code paths return a value.
app/[locale]/portal/agency/clients/[clientId]/AgencyClientDetailClient.tsx(480,25): error TS2322: Type 'unknown' is not assignable to type 'ReactNode'.
app/[locale]/portal/agency/settings/AgencySettingsClient.tsx(128,9): error TS2304: Cannot find name 'setServices'.
app/[locale]/portal/agency/settings/AgencySettingsClient.tsx(540,19): error TS2304: Cannot find name 'services'.
app/[locale]/portal/agency/settings/AgencySettingsClient.tsx(542,20): error TS2304: Cannot find name 'services'.
app/[locale]/portal/agency/settings/AgencySettingsClient.tsx(542,33): error TS7006: Parameter 'service' implicitly has an 'any' type.
app/[locale]/portal/agency/settings/AgencySettingsClient.tsx(703,20): error TS2552: Cannot find name 'User'. Did you mean 'user'?
app/[locale]/portal/agency/settings/AgencySettingsClient.tsx(711,20): error TS2552: Cannot find name 'User'. Did you mean 'user'?
app/[locale]/portal/org/[orgId]/dashboard/DashboardClient.tsx(28,10): error TS6133: 'organization' is declared but its value is never read.
app/[locale]/portal/org/[orgId]/requests/RequestsClient.tsx(511,74): error TS2552: Cannot find name 'request'. Did you mean 'requests'?
app/[locale]/portal/org/[orgId]/requests/RequestsClient.tsx(516,77): error TS2552: Cannot find name 'request'. Did you mean 'requests'?
app/[locale]/portal/org/[orgId]/requests/RequestsClient.tsx(523,65): error TS2552: Cannot find name 'request'. Did you mean 'requests'?
app/[locale]/portal/org/[orgId]/team/TeamClient.tsx(15,3): error TS6133: 'Trash2' is declared but its value is never read.
app/[locale]/work/[slug]/page.tsx(1,1): error TS6133: 'setRequestLocale' is declared but its value is never read.
components/portal/forms/CreateRequestForm.tsx(117,43): error TS2353: Object literal may only specify known properties, and 'attachmentIds' does not exist in type 'UpdateRequestData'.
components/portal/ui/Discussion/MentionInput.tsx(6,16): error TS6133: 'X' is declared but its value is never read.
components/portal/ui/Discussion/MentionInput.tsx(6,19): error TS6133: 'Loader2' is declared but its value is never read.
components/portal/ui/Discussion/MentionInput.tsx(25,3): error TS6133: 'isLoading' is declared but its value is never read.
components/portal/ui/FavoriteButton.tsx(24,10): error TS6133: 'isHovered' is declared but its value is never read.
scripts/normalize-db.ts(366,61): error TS2345: Argument of type 'string | undefined' is not assignable to parameter of type 'string'.
  Type 'undefined' is not assignable to type 'string'.
scripts/normalize-db.ts(374,63): error TS2345: Argument of type 'string | undefined' is not assignable to parameter of type 'string'.
  Type 'undefined' is not assignable to type 'string'.
scripts/normalize-db.ts(387,49): error TS2345: Argument of type 'string | undefined' is not assignable to parameter of type 'string'.
  Type 'undefined' is not assignable to type 'string'.
